WORKER_START gpu=0 2026-08-05T03:29:08Z
curl: (22) The requested URL returned error: 404
curl: (22) The requested URL returned error: 404
curl: (22) The requested URL returned error: 404
curl: (22) The requested URL returned error: 404
curl: (22) The requested URL returned error: 404
curl: (22) The requested URL returned error: 404
curl: (22) The requested URL returned error: 404
curl: (22) The requested URL returned error: 404
curl: (22) The requested URL returned error: 404
curl: (22) The requested URL returned error: 404
curl: (22) The requested URL returned error: 404
curl: (22) The requested URL returned error: 404
curl: (22) The requested URL returned error: 404
curl: (22) The requested URL returned error: 404
curl: (22) The requested URL returned error: 404
curl: (22) The requested URL returned error: 404
curl: (22) The requested URL returned error: 404
curl: (22) The requested URL returned error: 404
curl: (22) The requested URL returned error: 404
curl: (22) The requested URL returned error: 404
curl: (22) The requested URL returned error: 404
curl: (22) The requested URL returned error: 404
curl: (22) The requested URL returned error: 404
curl: (22) The requested URL returned error: 404
curl: (22) The requested URL returned error: 404
curl: (22) The requested URL returned error: 404
curl: (22) The requested URL returned error: 404
curl: (22) The requested URL returned error: 404
curl: (22) The requested URL returned error: 404
curl: (22) The requested URL returned error: 404
curl: (22) The requested URL returned error: 404
curl: (22) The requested URL returned error: 404
curl: (22) The requested URL returned error: 404
curl: (22) The requested URL returned error: 404
curl: (22) The requested URL returned error: 404
curl: (22) The requested URL returned error: 404
curl: (22) The requested URL returned error: 404
curl: (22) The requested URL returned error: 404
curl: (22) The requested URL returned error: 404
curl: (22) The requested URL returned error: 404
curl: (22) The requested URL returned error: 404
curl: (22) The requested URL returned error: 404
curl: (22) The requested URL returned error: 404
curl: (22) The requested URL returned error: 404
curl: (22) The requested URL returned error: 404
curl: (22) The requested URL returned error: 404
curl: (22) The requested URL returned error: 404
curl: (22) The requested URL returned error: 404
curl: (22) The requested URL returned error: 404
curl: (22) The requested URL returned error: 404
curl: (22) The requested URL returned error: 404
curl: (22) The requested URL returned error: 404
curl: (22) The requested URL returned error: 404
DOWNLOAD_SECONDS PlushDice_T8 27.84
EXTRACT_SECONDS PlushDice_T8 1.15
PlushDice_T8 5.480335280198434 5.43851708044559 5.347766089388595
DONE PlushDice_T8 2026-08-05T03:32:02Z
DOWNLOAD_SECONDS PlushTurtle_T4 28.24
EXTRACT_SECONDS PlushTurtle_T4 0.93
PlushTurtle_T4 6.851997643164117 6.794116535893373 6.737585825185735
DONE PlushTurtle_T4 2026-08-05T03:33:10Z
DOWNLOAD_SECONDS PlushTurtle_T2 26.03
EXTRACT_SECONDS PlushTurtle_T2 0.81
PlushTurtle_T2 6.8452206460829395 6.782008570792717 6.699895541101188
DONE PlushTurtle_T2 2026-08-05T03:34:13Z
DOWNLOAD_SECONDS PlushTurtle_T3 21.27
EXTRACT_SECONDS PlushTurtle_T3 0.81
PlushTurtle_T3 10.274067867801332 10.212902286915844 10.110979951447979
DONE PlushTurtle_T3 2026-08-05T03:35:08Z
DOWNLOAD_SECONDS PlushDice_T5 26.11
EXTRACT_SECONDS PlushDice_T5 0.88
PlushDice_T5 6.81672129413341 6.746171063449936 6.549683526918762
DONE PlushDice_T5 2026-08-05T03:36:10Z
DOWNLOAD_SECONDS 3dPrintedHeart_T1 12.65
EXTRACT_SECONDS 3dPrintedHeart_T1 0.53
3dPrintedHeart_T1 3.1748560186642956 3.12162806096661 3.1146827512824236
DONE 3dPrintedHeart_T1 2026-08-05T03:36:50Z
DOWNLOAD_SECONDS PlushOctopus_T1 21.96
EXTRACT_SECONDS PlushOctopus_T1 1.08
PlushOctopus_T1 5.169484862124738 5.127328871343042 5.058448553285252
DONE PlushOctopus_T1 2026-08-05T03:37:49Z
DOWNLOAD_SECONDS PlushOctopus_T2 17.71
EXTRACT_SECONDS PlushOctopus_T2 0.97
PlushOctopus_T2 4.615398117837895 4.556924430131023 4.466109453403772
DONE PlushOctopus_T2 2026-08-05T03:38:37Z
DOWNLOAD_SECONDS PlushOctopus_T3 17.65
EXTRACT_SECONDS PlushOctopus_T3 0.98
PlushOctopus_T3 4.946514813999291 4.8579365872270746 4.705222395655293
DONE PlushOctopus_T3 2026-08-05T03:39:29Z
DOWNLOAD_SECONDS PlushDice_T2 24.27
EXTRACT_SECONDS PlushDice_T2 0.78
PlushDice_T2 8.93952830533373 8.795309308264512 8.380753007366236
DONE PlushDice_T2 2026-08-05T03:40:35Z
DOWNLOAD_SECONDS PlushVolleyball_T4 23.99
EXTRACT_SECONDS PlushVolleyball_T4 0.56
PlushVolleyball_T4 8.028776294388402 8.028776294388402 8.028776294388402
DONE PlushVolleyball_T4 2026-08-05T03:41:30Z
DOWNLOAD_SECONDS PlushVolleyball_T5 26.11
EXTRACT_SECONDS PlushVolleyball_T5 0.76
PlushVolleyball_T5 6.7491294183224735 6.7491294183224735 6.7491294183224735
DONE PlushVolleyball_T5 2026-08-05T03:42:33Z
DOWNLOAD_SECONDS PlushMoon_T3 17.96
EXTRACT_SECONDS PlushMoon_T3 0.61
PlushMoon_T3 7.555771821372787 7.523251378559107 7.451001949539093
DONE PlushMoon_T3 2026-08-05T03:43:23Z
DOWNLOAD_SECONDS PlushMoon_T1 24.35
EXTRACT_SECONDS PlushMoon_T1 0.55
PlushMoon_T1 6.69366519350908 6.673346761335533 6.626209798563482
DONE PlushMoon_T1 2026-08-05T03:44:19Z
DOWNLOAD_SECONDS PlushVolleyball_T2 21.28
EXTRACT_SECONDS PlushVolleyball_T2 0.59
PlushVolleyball_T2 9.256634640988478 9.256634640988478 9.256634640988478
DONE PlushVolleyball_T2 2026-08-05T03:45:18Z
DOWNLOAD_SECONDS 3dPrintedBunny_T5 15.33
EXTRACT_SECONDS 3dPrintedBunny_T5 0.43
3dPrintedBunny_T5 5.621304623630202 5.504811053256842 5.3599082603783454
DONE 3dPrintedBunny_T5 2026-08-05T03:46:01Z
DOWNLOAD_SECONDS Pillow_T5 20.98
EXTRACT_SECONDS Pillow_T5 0.95
Pillow_T5 7.991588570522722 7.922559656740339 7.87842405005923
DONE Pillow_T5 2026-08-05T03:47:08Z
DOWNLOAD_SECONDS Beanbag_T5 7.83
EXTRACT_SECONDS Beanbag_T5 0.36
Beanbag_T5 4.766160297872171 4.711291574847602 4.670426151368057
DONE Beanbag_T5 2026-08-05T03:47:40Z
DOWNLOAD_SECONDS Beanbag_T6 11.01
EXTRACT_SECONDS Beanbag_T6 0.44
Beanbag_T6 8.212803945747646 8.124034805525287 7.902841736735296
DONE Beanbag_T6 2026-08-05T03:48:16Z
DOWNLOAD_SECONDS Pillow_T2 24.46
EXTRACT_SECONDS Pillow_T2 1.28
Pillow_T2 7.830078720031265 7.8012117424387135 7.786382722488047
DONE Pillow_T2 2026-08-05T03:49:31Z
DOWNLOAD_SECONDS Pillow_T6 27.47
EXTRACT_SECONDS Pillow_T6 0.84
Pillow_T6 9.310053368471154 9.184882940927546 9.09197656191552
DONE Pillow_T6 2026-08-05T03:50:47Z
DOWNLOAD_SECONDS 3dPrintedBunny_T1 11.91
EXTRACT_SECONDS 3dPrintedBunny_T1 0.70
3dPrintedBunny_T1 3.681025913272279 3.6302154436838157 3.633176534563737
DONE 3dPrintedBunny_T1 2026-08-05T03:51:29Z
DOWNLOAD_SECONDS 3dPrintedHeart_T5 13.94
EXTRACT_SECONDS 3dPrintedHeart_T5 0.26
3dPrintedHeart_T5 3.391003430668802 3.324115515529066 3.3037912447158226
DONE 3dPrintedHeart_T5 2026-08-05T03:52:08Z
DOWNLOAD_SECONDS FoamCylinder_T4 20.05
EXTRACT_SECONDS FoamCylinder_T4 0.78
FoamCylinder_T4 4.780139098983429 4.708019874371729 4.684166118539866
DONE FoamCylinder_T4 2026-08-05T03:53:02Z
DOWNLOAD_SECONDS Sponge_T1 6.68
EXTRACT_SECONDS Sponge_T1 0.27
Sponge_T1 4.284630729615699 4.304276377873855 4.325304599004163
DONE Sponge_T1 2026-08-05T03:53:36Z
DOWNLOAD_SECONDS FoamCylinder_T2 23.67
EXTRACT_SECONDS FoamCylinder_T2 0.94
FoamCylinder_T2 4.4322801302157036 4.3078032339112315 4.187247001973995
DONE FoamCylinder_T2 2026-08-05T03:54:34Z
DOWNLOAD_SECONDS MemoryFoam_T2 7.42
EXTRACT_SECONDS MemoryFoam_T2 0.27
MemoryFoam_T2 11.600903581099708 11.472913686841455 11.399144893447765
DONE MemoryFoam_T2 2026-08-05T03:55:04Z
DOWNLOAD_SECONDS FoamDice_T5 16.66
EXTRACT_SECONDS FoamDice_T5 0.98
FoamDice_T5 6.724715029283134 6.638935159574183 6.427340336771559
DONE FoamDice_T5 2026-08-05T03:55:57Z
DOWNLOAD_SECONDS MemoryFoam_T5 8.12
EXTRACT_SECONDS MemoryFoam_T5 0.29
MemoryFoam_T5 2.7724122373185796 2.6967578760620308 2.6738457338547015
DONE MemoryFoam_T5 2026-08-05T03:56:26Z
DOWNLOAD_SECONDS MemoryFoam_T1 7.20
EXTRACT_SECONDS MemoryFoam_T1 0.26
MemoryFoam_T1 2.207824188794916 2.173273727968383 2.1597671963106087
DONE MemoryFoam_T1 2026-08-05T03:56:49Z
DOWNLOAD_SECONDS ToiletPaperRoll_T3 10.02
EXTRACT_SECONDS ToiletPaperRoll_T3 0.49
ToiletPaperRoll_T3 9.61957586615919 9.513575271038912 9.324705692898773
DONE ToiletPaperRoll_T3 2026-08-05T03:57:26Z
DOWNLOAD_SECONDS ToiletPaperRoll_T6 15.18
EXTRACT_SECONDS ToiletPaperRoll_T6 0.52
ToiletPaperRoll_T6 2.976490024956763 2.9167243332904116 2.8249114527040615
DONE ToiletPaperRoll_T6 2026-08-05T03:58:05Z
DOWNLOAD_SECONDS ToiletPaperRoll_T2 13.54
EXTRACT_SECONDS ToiletPaperRoll_T2 0.49
ToiletPaperRoll_T2 4.301265049333612 4.291482057921164 4.294945793316844
DONE ToiletPaperRoll_T2 2026-08-05T03:58:48Z
DOWNLOAD_SECONDS FoamHalfSphere_T2 5.09
EXTRACT_SECONDS FoamHalfSphere_T2 0.18
FoamHalfSphere_T2 2.9745438810308955 2.9159034107271093 2.8847380766370105
DONE FoamHalfSphere_T2 2026-08-05T03:59:13Z
DOWNLOAD_SECONDS 3dPrintedPizza_T2 10.86
EXTRACT_SECONDS 3dPrintedPizza_T2 0.28
3dPrintedPizza_T2 2.0833537721595055 2.071938311808362 2.0748411365182706
DONE 3dPrintedPizza_T2 2026-08-05T03:59:44Z
DOWNLOAD_SECONDS 3dPrintedPizza_T1 7.02
EXTRACT_SECONDS 3dPrintedPizza_T1 0.25
3dPrintedPizza_T1 2.2757626287309196 2.278619460680139 2.2702574717724993
DONE 3dPrintedPizza_T1 2026-08-05T04:00:09Z
DOWNLOAD_SECONDS 3dPrintedPizza_T3 6.47
EXTRACT_SECONDS 3dPrintedPizza_T3 0.22
3dPrintedPizza_T3 4.135985041004871 4.103229697502109 4.114772917282821
DONE 3dPrintedPizza_T3 2026-08-05T04:00:32Z
DOWNLOAD_SECONDS 3dPrintedPyramid_T2 6.27
EXTRACT_SECONDS 3dPrintedPyramid_T2 0.22
3dPrintedPyramid_T2 2.3687256414554594 2.3636535798845206 2.3636535798845206
DONE 3dPrintedPyramid_T2 2026-08-05T04:00:55Z
DOWNLOAD_SECONDS 3dPrintedPyramid_T3 6.19
EXTRACT_SECONDS 3dPrintedPyramid_T3 0.21
3dPrintedPyramid_T3 2.350769598964029 2.300539204352207 2.300539204352207
DONE 3dPrintedPyramid_T3 2026-08-05T04:01:18Z
WORKER_END gpu=0 2026-08-05T04:01:18Z
