WORKER_START gpu=1 2026-08-05T03:29:08Z
curl: (22) The requested URL returned error: 404
curl: (22) The requested URL returned error: 404
curl: (22) The requested URL returned error: 404
curl: (22) The requested URL returned error: 404
curl: (22) The requested URL returned error: 404
curl: (22) The requested URL returned error: 404
curl: (22) The requested URL returned error: 404
curl: (22) The requested URL returned error: 404
curl: (22) The requested URL returned error: 404
curl: (22) The requested URL returned error: 404
curl: (22) The requested URL returned error: 404
curl: (22) The requested URL returned error: 404
curl: (22) The requested URL returned error: 404
curl: (22) The requested URL returned error: 404
curl: (22) The requested URL returned error: 404
curl: (22) The requested URL returned error: 404
curl: (22) The requested URL returned error: 404
curl: (22) The requested URL returned error: 404
curl: (22) The requested URL returned error: 404
curl: (22) The requested URL returned error: 404
curl: (22) The requested URL returned error: 404
curl: (22) The requested URL returned error: 404
curl: (22) The requested URL returned error: 404
curl: (22) The requested URL returned error: 404
curl: (22) The requested URL returned error: 404
curl: (22) The requested URL returned error: 404
curl: (22) The requested URL returned error: 404
curl: (22) The requested URL returned error: 404
curl: (22) The requested URL returned error: 404
curl: (22) The requested URL returned error: 404
curl: (22) The requested URL returned error: 404
curl: (22) The requested URL returned error: 404
curl: (22) The requested URL returned error: 404
curl: (22) The requested URL returned error: 404
curl: (22) The requested URL returned error: 404
curl: (22) The requested URL returned error: 404
curl: (22) The requested URL returned error: 404
curl: (22) The requested URL returned error: 404
curl: (22) The requested URL returned error: 404
curl: (22) The requested URL returned error: 404
curl: (22) The requested URL returned error: 404
curl: (22) The requested URL returned error: 404
curl: (22) The requested URL returned error: 404
curl: (22) The requested URL returned error: 404
curl: (22) The requested URL returned error: 404
curl: (22) The requested URL returned error: 404
curl: (22) The requested URL returned error: 404
curl: (22) The requested URL returned error: 404
curl: (22) The requested URL returned error: 404
DOWNLOAD_SECONDS PlushDice_T7 28.25
EXTRACT_SECONDS PlushDice_T7 0.83
PlushDice_T7 11.308669958945227 11.23798202919646 11.013989491113682
DONE PlushDice_T7 2026-08-05T03:31:48Z
DOWNLOAD_SECONDS PlushDice_T4 26.29
EXTRACT_SECONDS PlushDice_T4 0.83
PlushDice_T4 6.895146802447524 6.797985002027253 6.524115245898476
DONE PlushDice_T4 2026-08-05T03:32:46Z
DOWNLOAD_SECONDS 3dPrintedBunny_T3 9.11
EXTRACT_SECONDS 3dPrintedBunny_T3 0.43
3dPrintedBunny_T3 3.7133973249492387 3.59350995884422 3.490981028151872
DONE 3dPrintedBunny_T3 2026-08-05T03:33:21Z
DOWNLOAD_SECONDS PlushTurtle_T1 24.97
EXTRACT_SECONDS PlushTurtle_T1 1.16
PlushTurtle_T1 7.6785957818718655 7.5787865000000485 7.396775590180147
DONE PlushTurtle_T1 2026-08-05T03:34:25Z
DOWNLOAD_SECONDS 3dPrintedHeart_T2 15.44
EXTRACT_SECONDS 3dPrintedHeart_T2 0.56
3dPrintedHeart_T2 3.3304846390523464 3.2465624923745664 3.2218434152870095
DONE 3dPrintedHeart_T2 2026-08-05T03:35:11Z
DOWNLOAD_SECONDS 3dPrintedCylinder_T4 17.54
EXTRACT_SECONDS 3dPrintedCylinder_T4 0.29
3dPrintedCylinder_T4 3.0812710128179597 2.9984019931521915 2.9684372056402037
DONE 3dPrintedCylinder_T4 2026-08-05T03:35:58Z
DOWNLOAD_SECONDS PlushOctopus_T7 17.10
EXTRACT_SECONDS PlushOctopus_T7 0.67
PlushOctopus_T7 8.010180898780215 7.92069421200985 7.799130599728613
DONE PlushOctopus_T7 2026-08-05T03:36:47Z
DOWNLOAD_SECONDS 3dPrintedCylinder_T3 12.85
EXTRACT_SECONDS 3dPrintedCylinder_T3 0.29
3dPrintedCylinder_T3 5.985839236756494 5.85084845703831 5.617555727132054
DONE 3dPrintedCylinder_T3 2026-08-05T03:37:26Z
DOWNLOAD_SECONDS PlushOctopus_T6 17.68
EXTRACT_SECONDS PlushOctopus_T6 0.97
PlushOctopus_T6 4.992003802937126 4.950554532721693 4.899527702186264
DONE PlushOctopus_T6 2026-08-05T03:38:15Z
DOWNLOAD_SECONDS PlushVolleyball_T1 17.21
EXTRACT_SECONDS PlushVolleyball_T1 0.93
PlushVolleyball_T1 5.188318401442791 5.188318401442791 5.188318401442791
DONE PlushVolleyball_T1 2026-08-05T03:39:08Z
DOWNLOAD_SECONDS 3dPrintedCylinder_T2 9.34
EXTRACT_SECONDS 3dPrintedCylinder_T2 0.43
3dPrintedCylinder_T2 3.877644499521416 3.7436660547393306 3.5877388943167414
DONE 3dPrintedCylinder_T2 2026-08-05T03:39:39Z
DOWNLOAD_SECONDS 3dPrintedCylinder_T6 15.36
EXTRACT_SECONDS 3dPrintedCylinder_T6 0.31
3dPrintedCylinder_T6 3.5838316715160654 3.4829459262826092 3.3681438064906546
DONE 3dPrintedCylinder_T6 2026-08-05T03:40:31Z
DOWNLOAD_SECONDS PlushMoon_T2 26.46
EXTRACT_SECONDS PlushMoon_T2 0.62
PlushMoon_T2 7.58895517794374 7.5551202665815005 7.4935215441021645
DONE PlushMoon_T2 2026-08-05T03:41:35Z
DOWNLOAD_SECONDS PlushMoon_T6 24.74
EXTRACT_SECONDS PlushMoon_T6 0.89
PlushMoon_T6 6.11153691100086 6.074915631592367 5.993080373635266
DONE PlushMoon_T6 2026-08-05T03:42:43Z
DOWNLOAD_SECONDS 3dPrintedBunny_T6 15.50
EXTRACT_SECONDS 3dPrintedBunny_T6 0.45
3dPrintedBunny_T6 3.8702178307767956 3.854796094693826 3.9278148732730287
DONE 3dPrintedBunny_T6 2026-08-05T03:43:25Z
DOWNLOAD_SECONDS FoamDice_T7 24.83
EXTRACT_SECONDS FoamDice_T7 0.59
FoamDice_T7 4.243971056764406 4.21321183186158 4.145141042047519
DONE FoamDice_T7 2026-08-05T03:44:23Z
DOWNLOAD_SECONDS 3dPrintedBunny_T7 19.66
EXTRACT_SECONDS 3dPrintedBunny_T7 0.63
3dPrintedBunny_T7 3.923673174498941 3.8273978548014362 3.72399995198939
DONE 3dPrintedBunny_T7 2026-08-05T03:45:15Z
DOWNLOAD_SECONDS Beanbag_T2 10.84
EXTRACT_SECONDS Beanbag_T2 0.30
Beanbag_T2 4.876247918274063 4.836133793834097 4.843946998661259
DONE Beanbag_T2 2026-08-05T03:45:48Z
DOWNLOAD_SECONDS FoamCylinder_T5 19.53
EXTRACT_SECONDS FoamCylinder_T5 0.77
FoamCylinder_T5 5.234298716398899 5.152104907508138 5.04122377420255
DONE FoamCylinder_T5 2026-08-05T03:46:30Z
DOWNLOAD_SECONDS Pillow_T1 17.81
EXTRACT_SECONDS Pillow_T1 0.96
Pillow_T1 6.818800884533409 6.807008674861152 6.816926777210794
DONE Pillow_T1 2026-08-05T03:47:35Z
DOWNLOAD_SECONDS FoamDice_T8 9.90
EXTRACT_SECONDS FoamDice_T8 0.32
FoamDice_T8 5.407261634090681 5.35010735057324 5.2355483291388625
DONE FoamDice_T8 2026-08-05T03:48:16Z
DOWNLOAD_SECONDS Sponge_T2 13.54
EXTRACT_SECONDS Sponge_T2 0.23
Sponge_T2 3.71734943727578 3.681270550860067 3.66945914335223
DONE Sponge_T2 2026-08-05T03:48:59Z
DOWNLOAD_SECONDS Sponge_T3 10.27
EXTRACT_SECONDS Sponge_T3 0.52
Sponge_T3 3.496988534359438 3.472240362267207 3.4696435289045113
DONE Sponge_T3 2026-08-05T03:49:37Z
DOWNLOAD_SECONDS 3dPrintedHeart_T3 22.02
EXTRACT_SECONDS 3dPrintedHeart_T3 0.47
3dPrintedHeart_T3 7.5179372346463 7.42415394666752 7.373562357573415
DONE 3dPrintedHeart_T3 2026-08-05T03:50:34Z
DOWNLOAD_SECONDS FoamDice_T6 14.36
EXTRACT_SECONDS FoamDice_T6 0.63
FoamDice_T6 6.683935940154027 6.588051510690688 6.311560490515235
DONE FoamDice_T6 2026-08-05T03:51:24Z
DOWNLOAD_SECONDS FoamDice_T2 20.29
EXTRACT_SECONDS FoamDice_T2 0.55
FoamDice_T2 8.326966578726665 8.206377935421054 7.877796738284678
DONE FoamDice_T2 2026-08-05T03:52:21Z
DOWNLOAD_SECONDS FoamCylinder_T1 21.25
EXTRACT_SECONDS FoamCylinder_T1 0.91
FoamCylinder_T1 6.352834009544941 6.2246472893892255 6.05411757882192
DONE FoamCylinder_T1 2026-08-05T03:53:13Z
DOWNLOAD_SECONDS Beanbag_T7 7.77
EXTRACT_SECONDS Beanbag_T7 0.43
Beanbag_T7 4.687379032965905 4.642169828830271 4.636679537816566
DONE Beanbag_T7 2026-08-05T03:53:40Z
DOWNLOAD_SECONDS MemoryFoam_T3 13.93
EXTRACT_SECONDS MemoryFoam_T3 0.24
MemoryFoam_T3 2.317415161396958 2.2698520151853456 2.2571331058016932
DONE MemoryFoam_T3 2026-08-05T03:54:11Z
DOWNLOAD_SECONDS Beanbag_T4 7.78
EXTRACT_SECONDS Beanbag_T4 0.35
Beanbag_T4 6.667548884758033 6.716342174558781 6.964686940686989
DONE Beanbag_T4 2026-08-05T03:54:42Z
DOWNLOAD_SECONDS ToiletPaperRoll_T1 9.60
EXTRACT_SECONDS ToiletPaperRoll_T1 0.49
ToiletPaperRoll_T1 11.88207233823732 11.776146570685645 11.589065115762535
DONE ToiletPaperRoll_T1 2026-08-05T03:55:25Z
DOWNLOAD_SECONDS FoamDice_T3 7.55
EXTRACT_SECONDS FoamDice_T3 0.42
FoamDice_T3 5.138373657793818 5.060408566477938 4.858914499489402
DONE FoamDice_T3 2026-08-05T03:56:03Z
DOWNLOAD_SECONDS FoamHalfSphere_T1 7.32
EXTRACT_SECONDS FoamHalfSphere_T1 0.27
FoamHalfSphere_T1 2.579480889477246 2.5209760221334565 2.4799266158573747
DONE FoamHalfSphere_T1 2026-08-05T03:56:33Z
DOWNLOAD_SECONDS 3dPrintedPyramid_T6 6.86
EXTRACT_SECONDS 3dPrintedPyramid_T6 0.33
3dPrintedPyramid_T6 2.227378961013824 2.1543208310143216 2.1543208310143216
DONE 3dPrintedPyramid_T6 2026-08-05T03:57:00Z
DOWNLOAD_SECONDS FoamHalfSphere_T4 4.88
EXTRACT_SECONDS FoamHalfSphere_T4 0.15
FoamHalfSphere_T4 2.4742287068707296 2.4289829555028843 2.4096474528354306
DONE FoamHalfSphere_T4 2026-08-05T03:57:26Z
DOWNLOAD_SECONDS FoamHalfSphere_T3 12.64
EXTRACT_SECONDS FoamHalfSphere_T3 0.14
FoamHalfSphere_T3 3.7105769147739798 3.60959594253902 3.5154208344208864
DONE FoamHalfSphere_T3 2026-08-05T03:58:03Z
DOWNLOAD_SECONDS 3dPrintedPizza_T5 11.93
EXTRACT_SECONDS 3dPrintedPizza_T5 0.23
3dPrintedPizza_T5 2.1375482503139525 2.1408510658308706 2.1308932524336197
DONE 3dPrintedPizza_T5 2026-08-05T03:58:37Z
DOWNLOAD_SECONDS 3dPrintedPyramid_T1 6.38
EXTRACT_SECONDS 3dPrintedPyramid_T1 0.29
3dPrintedPyramid_T1 2.3997094733370523 2.3709884445759863 2.3709884445759863
DONE 3dPrintedPyramid_T1 2026-08-05T03:59:04Z
DOWNLOAD_SECONDS FoamCylinder_T7 16.49
EXTRACT_SECONDS FoamCylinder_T7 0.62
FoamCylinder_T7 5.558963239837979 5.455799423958995 5.302461066196976
DONE FoamCylinder_T7 2026-08-05T03:59:42Z
WORKER_END gpu=1 2026-08-05T03:59:42Z
