{
  "status": "complete",
  "decisions": {
    "native_block_posterior": {
      "all_queries": false,
      "heldout_queries": false,
      "strong_control_superiority": false
    },
    "source_coupled_posterior_extension": {
      "all_queries": false,
      "heldout_queries": false,
      "strong_control_superiority": false
    }
  },
  "parent_mean_parity": {
    "DLO4": {
      "candidate_coordinate_l1_mm": 8.953171545566052,
      "expected": 8.95317154556605,
      "passed": true
    },
    "DLO5": {
      "candidate_coordinate_l1_mm": 7.826805297017976,
      "expected": 7.826805297017976,
      "passed": true
    }
  }
}
