predicting 3dPrintedPizza_T5
{
  "take_id": "3dPrintedPizza_T5",
  "seal_sha256": "669292842ec97148dbee1704af8a9de47e4ffdfcd3a01c534e2a28d72d269f02",
  "raw_supported_frame_count": 65,
  "guard_accepted_frame_count": 12,
  "future_mesh_read": false
}
predicting 3dPrintedPyramid_T1
{
  "take_id": "3dPrintedPyramid_T1",
  "seal_sha256": "6bc985d460a539ff92141e7ddb0dc7c68784cf82055058c500ea76a80cda6ec5",
  "raw_supported_frame_count": 62,
  "guard_accepted_frame_count": 21,
  "future_mesh_read": false
}
predicting Beanbag_T4
{
  "take_id": "Beanbag_T4",
  "seal_sha256": "a790c1c009cc37317cfd653d9bfb0cdbf190bd6c7d1e94a4cb9960e6537685fd",
  "raw_supported_frame_count": 59,
  "guard_accepted_frame_count": 1,
  "future_mesh_read": false
}
predicting FoamCylinder_T7
{
  "take_id": "FoamCylinder_T7",
  "seal_sha256": "0e74172064b3fdaa944fc9d93cdf6b465ac96975f73fe9e176f7eac9c8ffccec",
  "raw_supported_frame_count": 39,
  "guard_accepted_frame_count": 28,
  "future_mesh_read": false
}
predicting FoamHalfSphere_T4
{
  "take_id": "FoamHalfSphere_T4",
  "seal_sha256": "2734a7746e22352a9f905cb21b11de9eef305f7925b5e03cd9a80a99a9785352",
  "raw_supported_frame_count": 96,
  "guard_accepted_frame_count": 26,
  "future_mesh_read": false
}
predicting Pillow_T6
{
  "take_id": "Pillow_T6",
  "seal_sha256": "e049af9afd62d9748533a02de3d299ae649bf2c6885bc13fbc1a0aa05d28ad2e",
  "raw_supported_frame_count": 85,
  "guard_accepted_frame_count": 0,
  "future_mesh_read": false
}
predicting PlushDice_T5
{
  "take_id": "PlushDice_T5",
  "seal_sha256": "dccba608fe417ec22e77f90b875289db1a0a26ce788790f34cdaf7f7e3d8c46a",
  "raw_supported_frame_count": 70,
  "guard_accepted_frame_count": 14,
  "future_mesh_read": false
}
predicting PlushMoon_T3
{
  "take_id": "PlushMoon_T3",
  "seal_sha256": "a30b8c62844bd8b0066a8fa5a164f9f8331eaa3a468d5aae2944325599499d92",
  "raw_supported_frame_count": 80,
  "guard_accepted_frame_count": 10,
  "future_mesh_read": false
}
predicting PlushTurtle_T1
{
  "take_id": "PlushTurtle_T1",
  "seal_sha256": "cfdd30e9f37bee3732e1172daf4689460fb954f144fafc6c84653c526203642f",
  "raw_supported_frame_count": 76,
  "guard_accepted_frame_count": 5,
  "future_mesh_read": false
}
predicting PlushVolleyball_T5
{
  "take_id": "PlushVolleyball_T5",
  "seal_sha256": "aed1df67d4d31d939bf0e31d1eb56fc0a6981bc58e3957734e8b2f216a1468f9",
  "raw_supported_frame_count": 0,
  "guard_accepted_frame_count": 0,
  "future_mesh_read": false
}
predicting Sponge_T3
{
  "take_id": "Sponge_T3",
  "seal_sha256": "340fde184164fe62453289133b65383eb109b93dcd719c29d6bcd8d058017e12",
  "raw_supported_frame_count": 85,
  "guard_accepted_frame_count": 2,
  "future_mesh_read": false
}
predictions-complete
