staging 3dPrintedCylinder_T3
{
  "take_id": "3dPrintedCylinder_T3",
  "authorized_member_count": 342,
  "future_target_mesh_read_count": 0,
  "manifest_sha256": "3916f0071d5862e0b4eb7f5a1cb5eeaa67b490fd21c296d402ae77fa2d6df01f"
}
staging 3dPrintedPizza_T5
{
  "take_id": "3dPrintedPizza_T5",
  "authorized_member_count": 322,
  "future_target_mesh_read_count": 0,
  "manifest_sha256": "663388eded0a392faa60dd97b8bc1292871216d0a9acc80197436831f670470c"
}
staging 3dPrintedPyramid_T1
{
  "take_id": "3dPrintedPyramid_T1",
  "authorized_member_count": 282,
  "future_target_mesh_read_count": 0,
  "manifest_sha256": "59e13b443922ac243febe2e46c268e1b6d8d83b0908b0108f998538b10f47026"
}
staging Beanbag_T4
{
  "take_id": "Beanbag_T4",
  "authorized_member_count": 310,
  "future_target_mesh_read_count": 0,
  "manifest_sha256": "76a712807b6ee9067172f73cb4282f06dae497abfeb5d5d7d0f175e58175d527"
}
staging FoamCylinder_T7
{
  "take_id": "FoamCylinder_T7",
  "authorized_member_count": 242,
  "future_target_mesh_read_count": 0,
  "manifest_sha256": "55abffc84981754196360e454cf5e5c619028d5f5b777f26aaabcf01e757a088"
}
staging FoamHalfSphere_T4
{
  "take_id": "FoamHalfSphere_T4",
  "authorized_member_count": 312,
  "future_target_mesh_read_count": 0,
  "manifest_sha256": "4230e77e3be6ccbed4649a752ab355e6fe43c599edb822e18e331d7c5dfc46d6"
}
staging Pillow_T6
{
  "take_id": "Pillow_T6",
  "authorized_member_count": 312,
  "future_target_mesh_read_count": 0,
  "manifest_sha256": "3042fe14ceb7d611cff910200af1dbd5e64aa6bc71eed6dd1de5822b9b0941bd"
}
staging PlushDice_T5
{
  "take_id": "PlushDice_T5",
  "authorized_member_count": 322,
  "future_target_mesh_read_count": 0,
  "manifest_sha256": "8b5d5ad6ebac09c146d5c0a5c50d49d10c9fe25daada2fa5a1d60d158c0b46e9"
}
staging PlushMoon_T3
{
  "take_id": "PlushMoon_T3",
  "authorized_member_count": 322,
  "future_target_mesh_read_count": 0,
  "manifest_sha256": "b90a4500a35085d780e2d8baf848d750c9fda4e1d67997e27fa393346430148c"
}
staging PlushTurtle_T1
{
  "take_id": "PlushTurtle_T1",
  "authorized_member_count": 312,
  "future_target_mesh_read_count": 0,
  "manifest_sha256": "085bdf153ac6b6a4d87fd095f6716fbbf0506d161bb5240040eb727a5983b1e9"
}
staging PlushVolleyball_T5
{
  "take_id": "PlushVolleyball_T5",
  "authorized_member_count": 322,
  "future_target_mesh_read_count": 0,
  "manifest_sha256": "62269da5db56bf5cc3a16e50563e9dd7a6b4ce011bfbddcad9ba6fbc31cae81a"
}
staging Sponge_T3
{
  "take_id": "Sponge_T3",
  "authorized_member_count": 312,
  "future_target_mesh_read_count": 0,
  "manifest_sha256": "be16b90decace0a2df0de81f3384c2c4833ad64b99390351359898e6a8f7f095"
}
staging-complete
