{
  "selected": {
    "aggregate_ratios_relative_to_persistence": {
      "chamfer_distance_m": 1.0,
      "track_error_m": 1.0
    },
    "balanced_improvement": 0.0,
    "blend": 0.0,
    "both_win_fold_count": 0,
    "local_prior_strength": 10.0,
    "maximum_case_metric_ratio": 1.0,
    "rank": 8,
    "temporal_smoothing": 0.25
  },
  "source_gate_passed": false,
  "summary_artifact": {
    "path": "/home/florianpfaff/bpt-graph-spectral-source-v1/results/source_gate/source_gate_summary.json",
    "sha256": "83ce90e6414aa5a41805e5a6c07e169d00735d76a9ddf89751dd5b4d1019f574"
  },
  "target_future_opened": false
}
