Traceback (most recent call last):
  File "/home/florianpfaff/source-only/poseit-real-decision-v1/source-86ba5703/scripts/science/acquire_poseit_gelsight_range_hash_v1.py", line 335, in <module>
    raise SystemExit(main())
  File "/home/florianpfaff/source-only/poseit-real-decision-v1/source-86ba5703/scripts/science/acquire_poseit_gelsight_range_hash_v1.py", line 304, in main
    result = _acquire_range_hash(
  File "/home/florianpfaff/source-only/poseit-real-decision-v1/source-86ba5703/scripts/science/acquire_poseit_gelsight_range_hash_v1.py", line 213, in _acquire_range_hash
    result = hash_remote_archive(expectation, progress=update_progress)
  File "/home/florianpfaff/source-only/poseit-real-decision-v1/source-86ba5703/src/bayesian_phystwin_experiments/poseit_remote_archive.py", line 268, in hash_remote_archive
    block = futures.pop(index).result()
  File "/usr/lib/python3.10/concurrent/futures/_base.py", line 451, in result
    return self.__get_result()
  File "/usr/lib/python3.10/concurrent/futures/_base.py", line 403, in __get_result
    raise self._exception
  File "/usr/lib/python3.10/concurrent/futures/thread.py", line 58, in run
    result = self.fn(*self.args, **self.kwargs)
  File "/home/florianpfaff/source-only/poseit-real-decision-v1/source-86ba5703/src/bayesian_phystwin_experiments/poseit_remote_archive.py", line 210, in fetch_exact_range
    _validate_response(response, expectation, start=start, end=end)
  File "/home/florianpfaff/source-only/poseit-real-decision-v1/source-86ba5703/src/bayesian_phystwin_experiments/poseit_remote_archive.py", line 143, in _validate_response
    _require(response.status == 206, "PoseIt range request did not return HTTP 206")
  File "/home/florianpfaff/source-only/poseit-real-decision-v1/source-86ba5703/src/bayesian_phystwin_experiments/poseit_remote_archive.py", line 38, in _require
    raise ValueError(message)
ValueError: PoseIt range request did not return HTTP 206
