[
  {
    "gpu": 0,
    "log_path": "/home/florianpfaff/pokeflex-public-paired-v1-c015534-logs/3dPrintedHeart_T2.log",
    "log_sha256": "8a89919a9b24e3b8ebf4551f3f78c7c6292fe877edfa8665993214e5bd2d3dcc",
    "returncode": 1,
    "take_id": "3dPrintedHeart_T2"
  },
  {
    "gpu": 1,
    "log_path": "/home/florianpfaff/pokeflex-public-paired-v1-c015534-logs/3dPrintedPizza_T3.log",
    "log_sha256": "57a8c6bd87ec7cddb7e83bb58bccfecca48faf7b5174aed00fec22a59b250df6",
    "returncode": 0,
    "take_id": "3dPrintedPizza_T3"
  },
  {
    "gpu": 0,
    "log_path": "/home/florianpfaff/pokeflex-public-paired-v1-c015534-logs/3dPrintedPyramid_T3.log",
    "log_sha256": "552afc81b38e42e1bce78940f31ed2a97453b1deccbe92ee94fe5edbfb83cb92",
    "returncode": 0,
    "take_id": "3dPrintedPyramid_T3"
  },
  {
    "gpu": 1,
    "log_path": "/home/florianpfaff/pokeflex-public-paired-v1-c015534-logs/Beanbag_T5.log",
    "log_sha256": "da3371ffc44d8f822a22e9722c58b05d942bd2550be4a284163bbf281313f260",
    "returncode": 0,
    "take_id": "Beanbag_T5"
  },
  {
    "gpu": 0,
    "log_path": "/home/florianpfaff/pokeflex-public-paired-v1-c015534-logs/FoamCylinder_T5.log",
    "log_sha256": "8a89919a9b24e3b8ebf4551f3f78c7c6292fe877edfa8665993214e5bd2d3dcc",
    "returncode": 1,
    "take_id": "FoamCylinder_T5"
  },
  {
    "gpu": 0,
    "log_path": "/home/florianpfaff/pokeflex-public-paired-v1-c015534-logs/FoamHalfSphere_T1.log",
    "log_sha256": "c51ca42021d700b247570e835c650d9fb6fb9869f592d9493dc8908833e524f9",
    "returncode": 0,
    "take_id": "FoamHalfSphere_T1"
  },
  {
    "gpu": 0,
    "log_path": "/home/florianpfaff/pokeflex-public-paired-v1-c015534-logs/Pillow_T1.log",
    "log_sha256": "8a89919a9b24e3b8ebf4551f3f78c7c6292fe877edfa8665993214e5bd2d3dcc",
    "returncode": 1,
    "take_id": "Pillow_T1"
  },
  {
    "gpu": 0,
    "log_path": "/home/florianpfaff/pokeflex-public-paired-v1-c015534-logs/PlushDice_T4.log",
    "log_sha256": "8a89919a9b24e3b8ebf4551f3f78c7c6292fe877edfa8665993214e5bd2d3dcc",
    "returncode": 1,
    "take_id": "PlushDice_T4"
  },
  {
    "gpu": 0,
    "log_path": "/home/florianpfaff/pokeflex-public-paired-v1-c015534-logs/PlushMoon_T6.log",
    "log_sha256": "8a89919a9b24e3b8ebf4551f3f78c7c6292fe877edfa8665993214e5bd2d3dcc",
    "returncode": 1,
    "take_id": "PlushMoon_T6"
  },
  {
    "gpu": 0,
    "log_path": "/home/florianpfaff/pokeflex-public-paired-v1-c015534-logs/PlushOctopus_T2.log",
    "log_sha256": "8a89919a9b24e3b8ebf4551f3f78c7c6292fe877edfa8665993214e5bd2d3dcc",
    "returncode": 1,
    "take_id": "PlushOctopus_T2"
  },
  {
    "gpu": 0,
    "log_path": "/home/florianpfaff/pokeflex-public-paired-v1-c015534-logs/PlushTurtle_T4.log",
    "log_sha256": "8a89919a9b24e3b8ebf4551f3f78c7c6292fe877edfa8665993214e5bd2d3dcc",
    "returncode": 1,
    "take_id": "PlushTurtle_T4"
  },
  {
    "gpu": 0,
    "log_path": "/home/florianpfaff/pokeflex-public-paired-v1-c015534-logs/PlushVolleyball_T1.log",
    "log_sha256": "8a89919a9b24e3b8ebf4551f3f78c7c6292fe877edfa8665993214e5bd2d3dcc",
    "returncode": 1,
    "take_id": "PlushVolleyball_T1"
  },
  {
    "gpu": 0,
    "log_path": "/home/florianpfaff/pokeflex-public-paired-v1-c015534-logs/Sponge_T1.log",
    "log_sha256": "771a0907aa8cb41a87f077cea407a206268de7f5f616b790ae16d64372b6acc7",
    "returncode": 0,
    "take_id": "Sponge_T1"
  },
  {
    "gpu": 1,
    "log_path": "/home/florianpfaff/pokeflex-public-paired-v1-c015534-logs/ToiletPaperRoll_T2.log",
    "log_sha256": "8a89919a9b24e3b8ebf4551f3f78c7c6292fe877edfa8665993214e5bd2d3dcc",
    "returncode": 1,
    "take_id": "ToiletPaperRoll_T2"
  }
]
prediction failures: 9
